// Jest Snapshot v1, https://goo.gl/fbAQLP

exports[`blow should render successfully 1`] = `
Object {
  "bottom": 0,
  "left": 0,
  "right": 0,
  "top": 0,
}
`;
